// Jest Snapshot v1, https://goo.gl/fbAQLP

exports[`Planets.vue mounted should set proper data from AJAX response [success] 1`] = `
<div>
  <!---->
  <search-stub></search-stub>
  <!---->
  <div class="cards">
    <card-stub title="Test 1" info="Diameter: 100 | Climate: warm" url="planet/1"></card-stub>
    <card-stub title="Test 2" info="Diameter: 150 | Climate: cold" url="planet/2"></card-stub>
  </div>
</div>
`;
